[2026-05-18 22:45:58,439][__main__][INFO] - Starting Training.
[2026-05-18 22:45:58,951][dataloader][INFO] - Generating new data at: /share/kuleshov/ssahoo/textdiffusion/data/qm9_train_bs32_unwrapped.dat
[2026-05-18 22:47:39,565][__main__][INFO] - Starting Training.
[2026-05-18 22:47:39,865][dataloader][INFO] - Generating new data at: /share/kuleshov/ssahoo/textdiffusion/data/qm9_train_bs32_unwrapped.dat
[2026-05-18 22:55:34,268][__main__][INFO] - Starting Training.
[2026-05-18 22:55:34,504][dataloader][INFO] - Generating new data at: $PWD/.data_cache/qm9_train_bs32_unwrapped.dat
[2026-05-18 22:58:25,573][__main__][INFO] - Starting Training.
[2026-05-18 22:58:27,165][dataloader][INFO] - Generating new data at: /local/scratch/zhiheng/guidance/.data_cache/qm9_train_bs32_unwrapped.dat
[2026-05-18 22:58:33,927][dataloader][INFO] - Generating new data at: /local/scratch/zhiheng/guidance/.data_cache/qm9_test_bs32_unwrapped.dat
[2026-05-18 23:05:32,117][__main__][INFO] - Starting Training.
[2026-05-18 23:05:34,131][dataloader][INFO] - Loading data from: /local/scratch/zhiheng/guidance/.data_cache/qm9_train_bs32_unwrapped.dat
[2026-05-18 23:05:34,137][dataloader][INFO] - Loading data from: /local/scratch/zhiheng/guidance/.data_cache/qm9_test_bs32_unwrapped.dat
[2026-05-18 23:47:26,892][__main__][INFO] - Starting Training.
[2026-05-18 23:47:28,915][dataloader][INFO] - Loading data from: /local/scratch/zhiheng/guidance/.data_cache/qm9_train_bs32_unwrapped.dat
[2026-05-18 23:47:28,920][dataloader][INFO] - Loading data from: /local/scratch/zhiheng/guidance/.data_cache/qm9_test_bs32_unwrapped.dat
[2026-05-18 23:51:22,634][__main__][INFO] - Starting Training.
[2026-05-18 23:51:23,961][dataloader][INFO] - Loading data from: /local/scratch/zhiheng/guidance/.data_cache/qm9_train_bs32_unwrapped.dat
[2026-05-18 23:51:23,967][dataloader][INFO] - Loading data from: /local/scratch/zhiheng/guidance/.data_cache/qm9_test_bs32_unwrapped.dat
[2026-05-18 23:52:53,736][__main__][INFO] - Starting Training.
[2026-05-18 23:52:54,919][dataloader][INFO] - Loading data from: /local/scratch/zhiheng/guidance/.data_cache/qm9_train_bs32_unwrapped.dat
[2026-05-18 23:52:54,924][dataloader][INFO] - Loading data from: /local/scratch/zhiheng/guidance/.data_cache/qm9_test_bs32_unwrapped.dat
[2026-05-18 23:58:51,266][__main__][INFO] - Starting Training.
[2026-05-18 23:58:52,465][dataloader][INFO] - Loading data from: /local/scratch/zhiheng/guidance/.data_cache/qm9_train_bs32_unwrapped.dat
[2026-05-18 23:58:52,469][dataloader][INFO] - Loading data from: /local/scratch/zhiheng/guidance/.data_cache/qm9_test_bs32_unwrapped.dat
[2026-05-19 00:13:34,142][__main__][INFO] - Starting Training.
[2026-05-19 00:13:35,406][dataloader][INFO] - Loading data from: /local/scratch/zhiheng/guidance/.data_cache/qm9_train_bs32_unwrapped.dat
[2026-05-19 00:13:35,411][dataloader][INFO] - Loading data from: /local/scratch/zhiheng/guidance/.data_cache/qm9_test_bs32_unwrapped.dat
[2026-05-19 00:17:19,686][__main__][INFO] - Starting Training.
[2026-05-19 00:17:20,889][dataloader][INFO] - Loading data from: /local/scratch/zhiheng/guidance/.data_cache/qm9_train_bs32_unwrapped.dat
[2026-05-19 00:17:20,893][dataloader][INFO] - Loading data from: /local/scratch/zhiheng/guidance/.data_cache/qm9_test_bs32_unwrapped.dat
[2026-05-19 00:26:08,649][__main__][INFO] - Starting Training.
[2026-05-19 00:26:10,506][dataloader][INFO] - Loading data from: /local/scratch/zhiheng/guidance/.data_cache/qm9_train_bs32_unwrapped.dat
[2026-05-19 00:26:10,511][dataloader][INFO] - Loading data from: /local/scratch/zhiheng/guidance/.data_cache/qm9_test_bs32_unwrapped.dat
[2026-05-19 00:28:28,673][__main__][INFO] - Starting Training.
[2026-05-19 00:28:29,894][dataloader][INFO] - Loading data from: /local/scratch/zhiheng/guidance/.data_cache/qm9_train_bs32_unwrapped.dat
[2026-05-19 00:28:29,898][dataloader][INFO] - Loading data from: /local/scratch/zhiheng/guidance/.data_cache/qm9_test_bs32_unwrapped.dat
[2026-05-19 00:30:00,904][__main__][INFO] - Starting Training.
[2026-05-19 00:30:02,257][dataloader][INFO] - Loading data from: /local/scratch/zhiheng/guidance/.data_cache/qm9_train_bs32_unwrapped.dat
[2026-05-19 00:30:02,262][dataloader][INFO] - Loading data from: /local/scratch/zhiheng/guidance/.data_cache/qm9_test_bs32_unwrapped.dat
